2025-04-29 08:25:14,746 - AAALLL.src.masks - INFO - Успешно замаскирован номер карты: 1234 56** **** 5678
2025-04-29 08:25:14,747 - AAALLL.src.masks - ERROR - Ошибка: Неверный номер карты.
2025-04-29 08:25:14,747 - AAALLL.src.masks - ERROR - Ошибка: Неверный номер карты.
2025-04-29 08:25:14,748 - AAALLL.src.masks - ERROR - Ошибка: Неверный номер карты.
2025-04-29 08:25:14,749 - AAALLL.src.masks - ERROR - Ошибка: Неверный номер карты.
2025-04-29 08:25:14,750 - AAALLL.src.masks - INFO - Успешно замаскирован номер счета: **7890
2025-04-29 08:25:14,750 - AAALLL.src.masks - ERROR - Ошибка: Неверный номер счета.
2025-04-29 08:25:14,753 - AAALLL.src.masks - ERROR - Ошибка: Неверный номер счета.
2025-04-29 08:25:14,756 - AAALLL.src.masks - ERROR - Ошибка: Неверный номер счета.
2025-04-29 08:25:14,758 - AAALLL.src.masks - ERROR - Ошибка: Неверный номер счета.
2025-04-29 08:26:36,541 - AAALLL.src.masks - INFO - Успешно замаскирован номер карты: 1234 56** **** 5678
2025-04-29 08:26:36,542 - AAALLL.src.masks - ERROR - Ошибка: Неверный номер карты.
2025-04-29 08:26:36,543 - AAALLL.src.masks - ERROR - Ошибка: Неверный номер карты.
2025-04-29 08:26:36,544 - AAALLL.src.masks - ERROR - Ошибка: Неверный номер карты.
2025-04-29 08:26:36,544 - AAALLL.src.masks - ERROR - Ошибка: Неверный номер карты.
2025-04-29 08:26:36,545 - AAALLL.src.masks - INFO - Успешно замаскирован номер счета: **7890
2025-04-29 08:26:36,546 - AAALLL.src.masks - ERROR - Ошибка: Неверный номер счета.
2025-04-29 08:26:36,605 - AAALLL.src.masks - ERROR - Ошибка: Неверный номер счета.
2025-04-29 08:26:36,608 - AAALLL.src.masks - ERROR - Ошибка: Неверный номер счета.
2025-04-29 08:26:36,610 - AAALLL.src.masks - ERROR - Ошибка: Неверный номер счета.
2025-04-29 08:28:20,720 - AAALLL.src.masks - INFO - Успешно замаскирован номер карты: 1234 56** **** 5678
2025-04-29 08:28:20,721 - AAALLL.src.masks - ERROR - Ошибка: Неверный номер карты.
2025-04-29 08:28:20,722 - AAALLL.src.masks - ERROR - Ошибка: Неверный номер карты.
2025-04-29 08:28:20,723 - AAALLL.src.masks - ERROR - Ошибка: Неверный номер карты.
2025-04-29 08:28:20,724 - AAALLL.src.masks - ERROR - Ошибка: Неверный номер карты.
2025-04-29 08:28:20,724 - AAALLL.src.masks - INFO - Замаскированный номер счета: **7890
2025-04-29 08:28:20,725 - AAALLL.src.masks - ERROR - Ошибка: Неверный номер счета.
2025-04-29 08:28:20,786 - AAALLL.src.masks - ERROR - Ошибка: Неверный номер счета.
2025-04-29 08:28:20,788 - AAALLL.src.masks - ERROR - Ошибка: Неверный номер счета.
2025-04-29 08:28:20,791 - AAALLL.src.masks - ERROR - Ошибка: Неверный номер счета.
2025-04-29 08:30:05,397 - AAALLL.src.masks - INFO - Успешно замаскирован номер карты: 1234 56** **** 5678
2025-04-29 08:30:05,397 - AAALLL.src.masks - ERROR - Ошибка: Неверный номер карты.
2025-04-29 08:30:05,398 - AAALLL.src.masks - ERROR - Ошибка: Неверный номер карты.
2025-04-29 08:30:05,399 - AAALLL.src.masks - ERROR - Ошибка: Неверный номер карты.
2025-04-29 08:30:05,400 - AAALLL.src.masks - ERROR - Ошибка: Неверный номер карты.
2025-04-29 08:30:05,400 - AAALLL.src.masks - INFO - Замаскированный номер счета: **7890
2025-04-29 08:30:05,401 - AAALLL.src.masks - ERROR - Ошибка: Неверный номер счета.
2025-04-29 08:30:05,458 - AAALLL.src.masks - ERROR - Ошибка: Неверный номер счета.
2025-04-29 08:30:05,460 - AAALLL.src.masks - ERROR - Ошибка: Неверный номер счета.
2025-04-29 08:30:05,463 - AAALLL.src.masks - ERROR - Ошибка: Неверный номер счета.
2025-04-29 08:32:13,141 - AAALLL.src.masks - INFO - Успешно замаскирован номер карты: 1234 56** **** 5678
2025-04-29 08:32:13,141 - AAALLL.src.masks - ERROR - Ошибка: Неверный номер карты.
2025-04-29 08:32:13,142 - AAALLL.src.masks - ERROR - Ошибка: Неверный номер карты.
2025-04-29 08:32:13,143 - AAALLL.src.masks - ERROR - Ошибка: Неверный номер карты.
2025-04-29 08:32:13,143 - AAALLL.src.masks - ERROR - Ошибка: Неверный номер карты.
2025-04-29 08:32:13,144 - AAALLL.src.masks - INFO - Замаскированный номер счета: **7890
2025-04-29 08:32:13,145 - AAALLL.src.masks - ERROR - Ошибка: Неверный номер счета.
2025-04-29 08:32:13,202 - AAALLL.src.masks - ERROR - Ошибка: Неверный номер счета.
2025-04-29 08:32:13,205 - AAALLL.src.masks - ERROR - Ошибка: Неверный номер счета.
2025-04-29 08:32:13,207 - AAALLL.src.masks - ERROR - Ошибка: Неверный номер счета.
